Archive member included because of file (symbol)

c:/winavr-20100110/bin/../lib/gcc/avr/4.3.3/avr5\libgcc.a(_mulsi3.o)
                              main.o (__mulsi3)
c:/winavr-20100110/bin/../lib/gcc/avr/4.3.3/avr5\libgcc.a(_udivmodqi4.o)
                              button.o (__udivmodqi4)
c:/winavr-20100110/bin/../lib/gcc/avr/4.3.3/avr5\libgcc.a(_divmodhi4.o)
                              ds1307.o (__divmodhi4)
c:/winavr-20100110/bin/../lib/gcc/avr/4.3.3/avr5\libgcc.a(_udivmodsi4.o)
                              main.o (__udivmodsi4)
c:/winavr-20100110/bin/../lib/gcc/avr/4.3.3/avr5\libgcc.a(_exit.o)
                              c:/winavr-20100110/bin/../lib/gcc/avr/4.3.3/../../../../avr/lib/avr5/crtm16.o (exit)
c:/winavr-20100110/bin/../lib/gcc/avr/4.3.3/avr5\libgcc.a(_copy_data.o)
                              main.o (__do_copy_data)
c:/winavr-20100110/bin/../lib/gcc/avr/4.3.3/avr5\libgcc.a(_clear_bss.o)
                              main.o (__do_clear_bss)
c:/winavr-20100110/bin/../lib/gcc/avr/4.3.3/avr5\libgcc.a(_udivdi3.o)
                              main.o (__udivdi3)
c:/winavr-20100110/bin/../lib/gcc/avr/4.3.3/avr5\libgcc.a(_udivmodhi4.o)
                              c:/winavr-20100110/bin/../lib/gcc/avr/4.3.3/avr5\libgcc.a(_divmodhi4.o) (__udivmodhi4)
c:/winavr-20100110/bin/../lib/gcc/avr/4.3.3/avr5\libgcc.a(_prologue.o)
                              c:/winavr-20100110/bin/../lib/gcc/avr/4.3.3/avr5\libgcc.a(_udivdi3.o) (__prologue_saves__)
c:/winavr-20100110/bin/../lib/gcc/avr/4.3.3/avr5\libgcc.a(_epilogue.o)
                              c:/winavr-20100110/bin/../lib/gcc/avr/4.3.3/avr5\libgcc.a(_udivdi3.o) (__epilogue_restores__)
c:/winavr-20100110/bin/../lib/gcc/avr/4.3.3/avr5\libgcc.a(_clz.o)
                              c:/winavr-20100110/bin/../lib/gcc/avr/4.3.3/avr5\libgcc.a(_udivdi3.o) (__clz_tab)
c:/winavr-20100110/bin/../lib/gcc/avr/4.3.3/../../../../avr/lib/avr5\libc.a(sprintf.o)
                              button.o (sprintf)
c:/winavr-20100110/bin/../lib/gcc/avr/4.3.3/../../../../avr/lib/avr5\libc.a(vfprintf_std.o)
                              c:/winavr-20100110/bin/../lib/gcc/avr/4.3.3/../../../../avr/lib/avr5\libc.a(sprintf.o) (vfprintf)
c:/winavr-20100110/bin/../lib/gcc/avr/4.3.3/../../../../avr/lib/avr5\libc.a(strnlen_P.o)
                              c:/winavr-20100110/bin/../lib/gcc/avr/4.3.3/../../../../avr/lib/avr5\libc.a(vfprintf_std.o) (strnlen_P)
c:/winavr-20100110/bin/../lib/gcc/avr/4.3.3/../../../../avr/lib/avr5\libc.a(strnlen.o)
                              c:/winavr-20100110/bin/../lib/gcc/avr/4.3.3/../../../../avr/lib/avr5\libc.a(vfprintf_std.o) (strnlen)
c:/winavr-20100110/bin/../lib/gcc/avr/4.3.3/../../../../avr/lib/avr5\libc.a(fputc.o)
                              c:/winavr-20100110/bin/../lib/gcc/avr/4.3.3/../../../../avr/lib/avr5\libc.a(vfprintf_std.o) (fputc)
c:/winavr-20100110/bin/../lib/gcc/avr/4.3.3/../../../../avr/lib/avr5\libc.a(ultoa_invert.o)
                              c:/winavr-20100110/bin/../lib/gcc/avr/4.3.3/../../../../avr/lib/avr5\libc.a(vfprintf_std.o) (__ultoa_invert)

Allocating common symbols
Common symbol       size              file

buf_time            0x9               main.o
fs                  0x2a              main.o
buff                0x200             main.o
br                  0x2               main.o
buf_date            0x9               main.o
res                 0x1               main.o

Memory Configuration

Name             Origin             Length             Attributes
text             0x00000000         0x00020000         xr
data             0x00800060         0x0000ffa0         rw !x
eeprom           0x00810000         0x00010000         rw !x
fuse             0x00820000         0x00000400         rw !x
lock             0x00830000         0x00000400         rw !x
signature        0x00840000         0x00000400         rw !x
*default*        0x00000000         0xffffffff

Linker script and memory map

LOAD c:/winavr-20100110/bin/../lib/gcc/avr/4.3.3/../../../../avr/lib/avr5/crtm16.o
LOAD main.o
LOAD adc.o
LOAD button.o
LOAD diskio.o
LOAD ds1307.o
LOAD lcd-lib.o
LOAD pff.o
LOAD spi_2.o
LOAD timer-2.o
LOAD timer.o
LOAD twi.o
LOAD c:/winavr-20100110/bin/../lib/gcc/avr/4.3.3/avr5\libgcc.a
LOAD c:/winavr-20100110/bin/../lib/gcc/avr/4.3.3/../../../../avr/lib/avr5\libc.a
LOAD c:/winavr-20100110/bin/../lib/gcc/avr/4.3.3/avr5\libgcc.a

.hash
 *(.hash)

.dynsym
 *(.dynsym)

.dynstr
 *(.dynstr)

.gnu.version
 *(.gnu.version)

.gnu.version_d
 *(.gnu.version_d)

.gnu.version_r
 *(.gnu.version_r)

.rel.init
 *(.rel.init)

.rela.init
 *(.rela.init)

.rel.text
 *(.rel.text)
 *(.rel.text.*)
 *(.rel.gnu.linkonce.t*)

.rela.text
 *(.rela.text)
 *(.rela.text.*)
 *(.rela.gnu.linkonce.t*)

.rel.fini
 *(.rel.fini)

.rela.fini
 *(.rela.fini)

.rel.rodata
 *(.rel.rodata)
 *(.rel.rodata.*)
 *(.rel.gnu.linkonce.r*)

.rela.rodata
 *(.rela.rodata)
 *(.rela.rodata.*)
 *(.rela.gnu.linkonce.r*)

.rel.data
 *(.rel.data)
 *(.rel.data.*)
 *(.rel.gnu.linkonce.d*)

.rela.data
 *(.rela.data)
 *(.rela.data.*)
 *(.rela.gnu.linkonce.d*)

.rel.ctors
 *(.rel.ctors)

.rela.ctors
 *(.rela.ctors)

.rel.dtors
 *(.rel.dtors)

.rela.dtors
 *(.rela.dtors)

.rel.got
 *(.rel.got)

.rela.got
 *(.rela.got)

.rel.bss
 *(.rel.bss)

.rela.bss
 *(.rela.bss)

.rel.plt
 *(.rel.plt)

.rela.plt
 *(.rela.plt)

.text           0x00000000     0x36ee
 *(.vectors)
 .vectors       0x00000000       0x54 c:/winavr-20100110/bin/../lib/gcc/avr/4.3.3/../../../../avr/lib/avr5/crtm16.o
                0x00000000                __vectors
                0x00000000                __vector_default
 *(.vectors)
 *(.progmem.gcc*)
 *(.progmem*)
 .progmem.data  0x00000054        0xc main.o
                0x00000054                ds1307_daysinmonth
                0x00000060                . = ALIGN (0x2)
                0x00000060                __trampolines_start = .
 *(.trampolines)
 .trampolines   0x00000060        0x0 linker stubs
 *(.trampolines*)
                0x00000060                __trampolines_end = .
 *(.jumptables)
 *(.jumptables*)
 *(.lowtext)
 *(.lowtext*)
                0x00000060                __ctors_start = .
 *(.ctors)
                0x00000060                __ctors_end = .
                0x00000060                __dtors_start = .
 *(.dtors)
                0x00000060                __dtors_end = .
 SORT(*)(.ctors)
 SORT(*)(.dtors)
 *(.init0)
 .init0         0x00000060        0x0 c:/winavr-20100110/bin/../lib/gcc/avr/4.3.3/../../../../avr/lib/avr5/crtm16.o
                0x00000060                __init
 *(.init0)
 *(.init1)
 *(.init1)
 *(.init2)
 .init2         0x00000060        0xc c:/winavr-20100110/bin/../lib/gcc/avr/4.3.3/../../../../avr/lib/avr5/crtm16.o
 *(.init2)
 *(.init3)
 *(.init3)
 *(.init4)
 .init4         0x0000006c       0x16 c:/winavr-20100110/bin/../lib/gcc/avr/4.3.3/avr5\libgcc.a(_copy_data.o)
                0x0000006c                __do_copy_data
 .init4         0x00000082       0x10 c:/winavr-20100110/bin/../lib/gcc/avr/4.3.3/avr5\libgcc.a(_clear_bss.o)
                0x00000082                __do_clear_bss
 *(.init4)
 *(.init5)
 *(.init5)
 *(.init6)
 *(.init6)
 *(.init7)
 *(.init7)
 *(.init8)
 *(.init8)
 *(.init9)
 .init9         0x00000092        0x8 c:/winavr-20100110/bin/../lib/gcc/avr/4.3.3/../../../../avr/lib/avr5/crtm16.o
 *(.init9)
 *(.text)
 .text          0x0000009a        0x4 c:/winavr-20100110/bin/../lib/gcc/avr/4.3.3/../../../../avr/lib/avr5/crtm16.o
                0x0000009a                __vector_1
                0x0000009a                __vector_12
                0x0000009a                __bad_interrupt
                0x0000009a                __vector_6
                0x0000009a                __vector_11
                0x0000009a                __vector_13
                0x0000009a                __vector_17
                0x0000009a                __vector_7
                0x0000009a                __vector_5
                0x0000009a                __vector_4
                0x0000009a                __vector_9
                0x0000009a                __vector_2
                0x0000009a                __vector_15
                0x0000009a                __vector_8
                0x0000009a                __vector_14
                0x0000009a                __vector_10
                0x0000009a                __vector_16
                0x0000009a                __vector_18
                0x0000009a                __vector_20
 .text          0x0000009e      0x490 main.o
                0x000001b6                isqrt32
                0x000002ee                __vector_3
                0x0000025a                __vector_19
                0x00000456                main
                0x0000009e                sumsquare
 .text          0x0000052e       0x30 adc.o
                0x00000536                start_base_adc
                0x0000052e                adc_init
                0x0000054a                start_half_adc
 .text          0x0000055e      0x4cc button.o
                0x0000055e                show_menu
                0x00000928                btt_set
                0x0000082e                btt_up
                0x000005e8                time_out
                0x000006ca                set_time
                0x00000738                btt_down
                0x00000a04                btt_menu
                0x000005a6                setup_time
 .text          0x00000a2a      0x42a diskio.o
                0x00000ade                disk_readp
                0x00000c9c                disk_initialize
                0x00000ba2                disk_writep
 .text          0x00000e54      0x24e ds1307.o
                0x00000ecc                ds1307_setdate
                0x00000faa                ds1307_getdate
                0x00001096                ds1307_init
                0x00000e54                ds1307_dec2bcd
                0x00000e68                ds1307_getdayofweek
 .text          0x000010a2      0x152 lcd-lib.o
                0x000010b2                lcd_cmd_full_byte
                0x00001106                lcd_clr
                0x000010e4                lcd_gotoxy
                0x000010a2                lcd_cmd_half_byte
                0x0000115e                lcd_str
                0x00001178                lcd_init
                0x0000112e                lcd_putchar
 .text          0x000011f4     0x1010 pff.o
                0x0000151c                pf_lseek
                0x0000177c                pf_open
                0x00001c2e                pf_write
                0x00001e86                pf_mount
 .text          0x00002204       0x68 spi_2.o
                0x00002224                SPI_ReadByte
                0x0000223a                SPI_WriteArray
                0x0000221c                SPI_WriteByte
                0x00002204                SPI_Init
                0x00002230                SPI_WriteReadByte
                0x00002252                SPI_WriteReadArray
 .text          0x0000226c       0x10 timer-2.o
                0x0000226c                start_t2
                0x00002278                stop_t2
 .text          0x0000227c       0x1e timer.o
                0x00002296                stop_t
                0x0000227c                timer_init
                0x0000228a                start_t
 .text          0x0000229a       0xce twi.o
                0x0000235a                i2c_readNak
                0x0000234c                i2c_readAck
                0x0000232a                i2c_rep_start
                0x000022b0                i2c_start
                0x000022a4                i2c_stop
                0x000022ee                i2c_start_wait
                0x0000229a                i2c_init
                0x00002330                i2c_wrt
 .text          0x00002368        0x0 c:/winavr-20100110/bin/../lib/gcc/avr/4.3.3/avr5\libgcc.a(_mulsi3.o)
 .text          0x00002368        0x0 c:/winavr-20100110/bin/../lib/gcc/avr/4.3.3/avr5\libgcc.a(_udivmodqi4.o)
 .text          0x00002368        0x0 c:/winavr-20100110/bin/../lib/gcc/avr/4.3.3/avr5\libgcc.a(_divmodhi4.o)
 .text          0x00002368        0x0 c:/winavr-20100110/bin/../lib/gcc/avr/4.3.3/avr5\libgcc.a(_udivmodsi4.o)
 .text          0x00002368        0x0 c:/winavr-20100110/bin/../lib/gcc/avr/4.3.3/avr5\libgcc.a(_exit.o)
 .text          0x00002368        0x0 c:/winavr-20100110/bin/../lib/gcc/avr/4.3.3/avr5\libgcc.a(_copy_data.o)
 .text          0x00002368        0x0 c:/winavr-20100110/bin/../lib/gcc/avr/4.3.3/avr5\libgcc.a(_clear_bss.o)
 .text          0x00002368      0xcea c:/winavr-20100110/bin/../lib/gcc/avr/4.3.3/avr5\libgcc.a(_udivdi3.o)
                0x00002368                __udivdi3
 .text          0x00003052        0x0 c:/winavr-20100110/bin/../lib/gcc/avr/4.3.3/avr5\libgcc.a(_udivmodhi4.o)
 .text          0x00003052        0x0 c:/winavr-20100110/bin/../lib/gcc/avr/4.3.3/avr5\libgcc.a(_prologue.o)
 .text          0x00003052        0x0 c:/winavr-20100110/bin/../lib/gcc/avr/4.3.3/avr5\libgcc.a(_epilogue.o)
 .text          0x00003052        0x0 c:/winavr-20100110/bin/../lib/gcc/avr/4.3.3/avr5\libgcc.a(_clz.o)
 .text          0x00003052        0x0 c:/winavr-20100110/bin/../lib/gcc/avr/4.3.3/../../../../avr/lib/avr5\libc.a(sprintf.o)
 .text          0x00003052        0x0 c:/winavr-20100110/bin/../lib/gcc/avr/4.3.3/../../../../avr/lib/avr5\libc.a(vfprintf_std.o)
 .text          0x00003052        0x0 c:/winavr-20100110/bin/../lib/gcc/avr/4.3.3/../../../../avr/lib/avr5\libc.a(strnlen_P.o)
 .text          0x00003052        0x0 c:/winavr-20100110/bin/../lib/gcc/avr/4.3.3/../../../../avr/lib/avr5\libc.a(strnlen.o)
 .text          0x00003052        0x0 c:/winavr-20100110/bin/../lib/gcc/avr/4.3.3/../../../../avr/lib/avr5\libc.a(fputc.o)
 .text          0x00003052        0x0 c:/winavr-20100110/bin/../lib/gcc/avr/4.3.3/../../../../avr/lib/avr5\libc.a(ultoa_invert.o)
                0x00003052                . = ALIGN (0x2)
 *(.text.*)
 .text.libgcc   0x00003052       0x3e c:/winavr-20100110/bin/../lib/gcc/avr/4.3.3/avr5\libgcc.a(_mulsi3.o)
                0x00003052                __mulsi3
 .text.libgcc   0x00003090       0x18 c:/winavr-20100110/bin/../lib/gcc/avr/4.3.3/avr5\libgcc.a(_udivmodqi4.o)
                0x00003090                __udivmodqi4
 .text.libgcc   0x000030a8       0x26 c:/winavr-20100110/bin/../lib/gcc/avr/4.3.3/avr5\libgcc.a(_divmodhi4.o)
                0x000030a8                __divmodhi4
                0x000030a8                _div
 .text.libgcc   0x000030ce       0x44 c:/winavr-20100110/bin/../lib/gcc/avr/4.3.3/avr5\libgcc.a(_udivmodsi4.o)
                0x000030ce                __udivmodsi4
 .text.libgcc   0x00003112        0x0 c:/winavr-20100110/bin/../lib/gcc/avr/4.3.3/avr5\libgcc.a(_exit.o)
 .text.libgcc   0x00003112        0x0 c:/winavr-20100110/bin/../lib/gcc/avr/4.3.3/avr5\libgcc.a(_copy_data.o)
 .text.libgcc   0x00003112        0x0 c:/winavr-20100110/bin/../lib/gcc/avr/4.3.3/avr5\libgcc.a(_clear_bss.o)
 .text.libgcc   0x00003112       0x28 c:/winavr-20100110/bin/../lib/gcc/avr/4.3.3/avr5\libgcc.a(_udivmodhi4.o)
                0x00003112                __udivmodhi4
 .text.libgcc   0x0000313a       0x38 c:/winavr-20100110/bin/../lib/gcc/avr/4.3.3/avr5\libgcc.a(_prologue.o)
                0x0000313a                __prologue_saves__
 .text.libgcc   0x00003172       0x36 c:/winavr-20100110/bin/../lib/gcc/avr/4.3.3/avr5\libgcc.a(_epilogue.o)
                0x00003172                __epilogue_restores__
 .text.avr-libc
                0x000031a8       0x48 c:/winavr-20100110/bin/../lib/gcc/avr/4.3.3/../../../../avr/lib/avr5\libc.a(sprintf.o)
                0x000031a8                sprintf
 .text.avr-libc
                0x000031f0      0x3ba c:/winavr-20100110/bin/../lib/gcc/avr/4.3.3/../../../../avr/lib/avr5\libc.a(vfprintf_std.o)
                0x000031f0                vfprintf
 .text.avr-libc
                0x000035aa       0x16 c:/winavr-20100110/bin/../lib/gcc/avr/4.3.3/../../../../avr/lib/avr5\libc.a(strnlen_P.o)
                0x000035aa                strnlen_P
 .text.avr-libc
                0x000035c0       0x16 c:/winavr-20100110/bin/../lib/gcc/avr/4.3.3/../../../../avr/lib/avr5\libc.a(strnlen.o)
                0x000035c0                strnlen
 .text.avr-libc
                0x000035d6       0x58 c:/winavr-20100110/bin/../lib/gcc/avr/4.3.3/../../../../avr/lib/avr5\libc.a(fputc.o)
                0x000035d6                fputc
 .text.avr-libc
                0x0000362e       0xbc c:/winavr-20100110/bin/../lib/gcc/avr/4.3.3/../../../../avr/lib/avr5\libc.a(ultoa_invert.o)
                0x0000362e                __ultoa_invert
                0x000036ea                . = ALIGN (0x2)
 *(.fini9)
 .fini9         0x000036ea        0x0 c:/winavr-20100110/bin/../lib/gcc/avr/4.3.3/avr5\libgcc.a(_exit.o)
                0x000036ea                exit
                0x000036ea                _exit
 *(.fini9)
 *(.fini8)
 *(.fini8)
 *(.fini7)
 *(.fini7)
 *(.fini6)
 *(.fini6)
 *(.fini5)
 *(.fini5)
 *(.fini4)
 *(.fini4)
 *(.fini3)
 *(.fini3)
 *(.fini2)
 *(.fini2)
 *(.fini1)
 *(.fini1)
 *(.fini0)
 .fini0         0x000036ea        0x4 c:/winavr-20100110/bin/../lib/gcc/avr/4.3.3/avr5\libgcc.a(_exit.o)
 *(.fini0)
                0x000036ee                _etext = .

.data           0x00800060      0x184 load address 0x000036ee
                0x00800060                PROVIDE (__data_start, .)
 *(.data)
 .data          0x00800060        0x0 c:/winavr-20100110/bin/../lib/gcc/avr/4.3.3/../../../../avr/lib/avr5/crtm16.o
 .data          0x00800060       0x30 main.o
 .data          0x00800090        0x0 adc.o
 .data          0x00800090       0x54 button.o
 .data          0x008000e4        0x0 diskio.o
 .data          0x008000e4        0x0 ds1307.o
 .data          0x008000e4        0x0 lcd-lib.o
 .data          0x008000e4        0x0 pff.o
 .data          0x008000e4        0x0 spi_2.o
 .data          0x008000e4        0x0 timer-2.o
 .data          0x008000e4        0x0 timer.o
 .data          0x008000e4        0x0 twi.o
 .data          0x008000e4        0x0 c:/winavr-20100110/bin/../lib/gcc/avr/4.3.3/avr5\libgcc.a(_mulsi3.o)
 .data          0x008000e4        0x0 c:/winavr-20100110/bin/../lib/gcc/avr/4.3.3/avr5\libgcc.a(_udivmodqi4.o)
 .data          0x008000e4        0x0 c:/winavr-20100110/bin/../lib/gcc/avr/4.3.3/avr5\libgcc.a(_divmodhi4.o)
 .data          0x008000e4        0x0 c:/winavr-20100110/bin/../lib/gcc/avr/4.3.3/avr5\libgcc.a(_udivmodsi4.o)
 .data          0x008000e4        0x0 c:/winavr-20100110/bin/../lib/gcc/avr/4.3.3/avr5\libgcc.a(_exit.o)
 .data          0x008000e4        0x0 c:/winavr-20100110/bin/../lib/gcc/avr/4.3.3/avr5\libgcc.a(_copy_data.o)
 .data          0x008000e4        0x0 c:/winavr-20100110/bin/../lib/gcc/avr/4.3.3/avr5\libgcc.a(_clear_bss.o)
 .data          0x008000e4        0x0 c:/winavr-20100110/bin/../lib/gcc/avr/4.3.3/avr5\libgcc.a(_udivdi3.o)
 .data          0x008000e4        0x0 c:/winavr-20100110/bin/../lib/gcc/avr/4.3.3/avr5\libgcc.a(_udivmodhi4.o)
 .data          0x008000e4        0x0 c:/winavr-20100110/bin/../lib/gcc/avr/4.3.3/avr5\libgcc.a(_prologue.o)
 .data          0x008000e4        0x0 c:/winavr-20100110/bin/../lib/gcc/avr/4.3.3/avr5\libgcc.a(_epilogue.o)
 .data          0x008000e4      0x100 c:/winavr-20100110/bin/../lib/gcc/avr/4.3.3/avr5\libgcc.a(_clz.o)
                0x008000e4                __clz_tab
 .data          0x008001e4        0x0 c:/winavr-20100110/bin/../lib/gcc/avr/4.3.3/../../../../avr/lib/avr5\libc.a(sprintf.o)
 .data          0x008001e4        0x0 c:/winavr-20100110/bin/../lib/gcc/avr/4.3.3/../../../../avr/lib/avr5\libc.a(vfprintf_std.o)
 .data          0x008001e4        0x0 c:/winavr-20100110/bin/../lib/gcc/avr/4.3.3/../../../../avr/lib/avr5\libc.a(strnlen_P.o)
 .data          0x008001e4        0x0 c:/winavr-20100110/bin/../lib/gcc/avr/4.3.3/../../../../avr/lib/avr5\libc.a(strnlen.o)
 .data          0x008001e4        0x0 c:/winavr-20100110/bin/../lib/gcc/avr/4.3.3/../../../../avr/lib/avr5\libc.a(fputc.o)
 .data          0x008001e4        0x0 c:/winavr-20100110/bin/../lib/gcc/avr/4.3.3/../../../../avr/lib/avr5\libc.a(ultoa_invert.o)
 *(.data*)
 *(.rodata)
 *(.rodata*)
 *(.gnu.linkonce.d*)
                0x008001e4                . = ALIGN (0x2)
                0x008001e4                _edata = .
                0x008001e4                PROVIDE (__data_end, .)

.bss            0x008001e4      0x25d
                0x008001e4                PROVIDE (__bss_start, .)
 *(.bss)
 .bss           0x008001e4        0x0 c:/winavr-20100110/bin/../lib/gcc/avr/4.3.3/../../../../avr/lib/avr5/crtm16.o
 .bss           0x008001e4       0x19 main.o
                0x008001fa                N
                0x008001e5                menu
                0x008001e6                change_time
                0x008001ee                ACP
                0x008001ed                flag
                0x008001e8                month
                0x008001ec                second
                0x008001eb                minute
                0x008001fb                rezult_measuring
                0x008001e4                mode
                0x008001ea                hour
                0x008001f0                ACP_half
                0x008001e7                year
                0x008001e9                day
                0x008001f2                Asum
 .bss           0x008001fd        0x0 adc.o
 .bss           0x008001fd        0x0 button.o
 .bss           0x008001fd        0x3 diskio.o
 .bss           0x00800200        0x0 ds1307.o
 .bss           0x00800200        0x0 lcd-lib.o
 .bss           0x00800200        0x2 pff.o
 .bss           0x00800202        0x0 spi_2.o
 .bss           0x00800202        0x0 timer-2.o
 .bss           0x00800202        0x0 timer.o
 .bss           0x00800202        0x0 twi.o
 .bss           0x00800202        0x0 c:/winavr-20100110/bin/../lib/gcc/avr/4.3.3/avr5\libgcc.a(_mulsi3.o)
 .bss           0x00800202        0x0 c:/winavr-20100110/bin/../lib/gcc/avr/4.3.3/avr5\libgcc.a(_udivmodqi4.o)
 .bss           0x00800202        0x0 c:/winavr-20100110/bin/../lib/gcc/avr/4.3.3/avr5\libgcc.a(_divmodhi4.o)
 .bss           0x00800202        0x0 c:/winavr-20100110/bin/../lib/gcc/avr/4.3.3/avr5\libgcc.a(_udivmodsi4.o)
 .bss           0x00800202        0x0 c:/winavr-20100110/bin/../lib/gcc/avr/4.3.3/avr5\libgcc.a(_exit.o)
 .bss           0x00800202        0x0 c:/winavr-20100110/bin/../lib/gcc/avr/4.3.3/avr5\libgcc.a(_copy_data.o)
 .bss           0x00800202        0x0 c:/winavr-20100110/bin/../lib/gcc/avr/4.3.3/avr5\libgcc.a(_clear_bss.o)
 .bss           0x00800202        0x0 c:/winavr-20100110/bin/../lib/gcc/avr/4.3.3/avr5\libgcc.a(_udivdi3.o)
 .bss           0x00800202        0x0 c:/winavr-20100110/bin/../lib/gcc/avr/4.3.3/avr5\libgcc.a(_udivmodhi4.o)
 .bss           0x00800202        0x0 c:/winavr-20100110/bin/../lib/gcc/avr/4.3.3/avr5\libgcc.a(_prologue.o)
 .bss           0x00800202        0x0 c:/winavr-20100110/bin/../lib/gcc/avr/4.3.3/avr5\libgcc.a(_epilogue.o)
 .bss           0x00800202        0x0 c:/winavr-20100110/bin/../lib/gcc/avr/4.3.3/avr5\libgcc.a(_clz.o)
 .bss           0x00800202        0x0 c:/winavr-20100110/bin/../lib/gcc/avr/4.3.3/../../../../avr/lib/avr5\libc.a(sprintf.o)
 .bss           0x00800202        0x0 c:/winavr-20100110/bin/../lib/gcc/avr/4.3.3/../../../../avr/lib/avr5\libc.a(vfprintf_std.o)
 .bss           0x00800202        0x0 c:/winavr-20100110/bin/../lib/gcc/avr/4.3.3/../../../../avr/lib/avr5\libc.a(strnlen_P.o)
 .bss           0x00800202        0x0 c:/winavr-20100110/bin/../lib/gcc/avr/4.3.3/../../../../avr/lib/avr5\libc.a(strnlen.o)
 .bss           0x00800202        0x0 c:/winavr-20100110/bin/../lib/gcc/avr/4.3.3/../../../../avr/lib/avr5\libc.a(fputc.o)
 .bss           0x00800202        0x0 c:/winavr-20100110/bin/../lib/gcc/avr/4.3.3/../../../../avr/lib/avr5\libc.a(ultoa_invert.o)
 *(.bss*)
 *(COMMON)
 COMMON         0x00800202      0x23f main.o
                0x00800202                buf_time
                0x0080020b                fs
                0x00800235                buff
                0x00800435                br
                0x00800437                buf_date
                0x00800440                res
                0x00800441                PROVIDE (__bss_end, .)
                0x000036ee                __data_load_start = LOADADDR (.data)
                0x00003872                __data_load_end = (__data_load_start + SIZEOF (.data))

.noinit         0x00800441        0x0
                0x00800441                PROVIDE (__noinit_start, .)
 *(.noinit*)
                0x00800441                PROVIDE (__noinit_end, .)
                0x00800441                _end = .
                0x00800441                PROVIDE (__heap_start, .)

.eeprom         0x00810000        0x0
 *(.eeprom*)
                0x00810000                __eeprom_end = .

.fuse
 *(.fuse)
 *(.lfuse)
 *(.hfuse)
 *(.efuse)

.lock
 *(.lock*)

.signature
 *(.signature*)

.stab
 *(.stab)

.stabstr
 *(.stabstr)

.stab.excl
 *(.stab.excl)

.stab.exclstr
 *(.stab.exclstr)

.stab.index
 *(.stab.index)

.stab.indexstr
 *(.stab.indexstr)

.comment
 *(.comment)

.debug
 *(.debug)

.line
 *(.line)

.debug_srcinfo
 *(.debug_srcinfo)

.debug_sfnames
 *(.debug_sfnames)

.debug_aranges  0x00000000      0x180
 *(.debug_aranges)
 .debug_aranges
                0x00000000       0x20 main.o
 .debug_aranges
                0x00000020       0x20 adc.o
 .debug_aranges
                0x00000040       0x20 button.o
 .debug_aranges
                0x00000060       0x20 diskio.o
 .debug_aranges
                0x00000080       0x20 ds1307.o
 .debug_aranges
                0x000000a0       0x20 lcd-lib.o
 .debug_aranges
                0x000000c0       0x20 pff.o
 .debug_aranges
                0x000000e0       0x20 spi_2.o
 .debug_aranges
                0x00000100       0x20 timer-2.o
 .debug_aranges
                0x00000120       0x20 timer.o
 .debug_aranges
                0x00000140       0x20 twi.o
 .debug_aranges
                0x00000160       0x20 c:/winavr-20100110/bin/../lib/gcc/avr/4.3.3/avr5\libgcc.a(_udivdi3.o)

.debug_pubnames
                0x00000000      0x530
 *(.debug_pubnames)
 .debug_pubnames
                0x00000000      0x142 main.o
 .debug_pubnames
                0x00000142       0x45 adc.o
 .debug_pubnames
                0x00000187       0x7a button.o
 .debug_pubnames
                0x00000201       0x45 diskio.o
 .debug_pubnames
                0x00000246       0x73 ds1307.o
 .debug_pubnames
                0x000002b9       0x82 lcd-lib.o
 .debug_pubnames
                0x0000033b       0x45 pff.o
 .debug_pubnames
                0x00000380       0x82 spi_2.o
 .debug_pubnames
                0x00000402       0x2b timer-2.o
 .debug_pubnames
                0x0000042d       0x38 timer.o
 .debug_pubnames
                0x00000465       0x8b twi.o
 .debug_pubnames
                0x000004f0       0x20 c:/winavr-20100110/bin/../lib/gcc/avr/4.3.3/avr5\libgcc.a(_udivdi3.o)
 .debug_pubnames
                0x00000510       0x20 c:/winavr-20100110/bin/../lib/gcc/avr/4.3.3/avr5\libgcc.a(_clz.o)

.debug_info     0x00000000     0x2da1
 *(.debug_info)
 .debug_info    0x00000000      0x585 main.o
 .debug_info    0x00000585       0xbd adc.o
 .debug_info    0x00000642      0x1b8 button.o
 .debug_info    0x000007fa      0x553 diskio.o
 .debug_info    0x00000d4d      0x413 ds1307.o
 .debug_info    0x00001160      0x53e lcd-lib.o
 .debug_info    0x0000169e      0xaf8 pff.o
 .debug_info    0x00002196      0x14c spi_2.o
 .debug_info    0x000022e2       0xa1 timer-2.o
 .debug_info    0x00002383       0xb5 timer.o
 .debug_info    0x00002438      0x1a2 twi.o
 .debug_info    0x000025da      0x71e c:/winavr-20100110/bin/../lib/gcc/avr/4.3.3/avr5\libgcc.a(_udivdi3.o)
 .debug_info    0x00002cf8       0xa9 c:/winavr-20100110/bin/../lib/gcc/avr/4.3.3/avr5\libgcc.a(_clz.o)
 *(.gnu.linkonce.wi.*)

.debug_abbrev   0x00000000      0xd4f
 *(.debug_abbrev)
 .debug_abbrev  0x00000000      0x1cc main.o
 .debug_abbrev  0x000001cc       0x5f adc.o
 .debug_abbrev  0x0000022b       0x7c button.o
 .debug_abbrev  0x000002a7      0x1ab diskio.o
 .debug_abbrev  0x00000452      0x176 ds1307.o
 .debug_abbrev  0x000005c8      0x148 lcd-lib.o
 .debug_abbrev  0x00000710      0x21b pff.o
 .debug_abbrev  0x0000092b       0xd1 spi_2.o
 .debug_abbrev  0x000009fc       0x48 timer-2.o
 .debug_abbrev  0x00000a44       0x48 timer.o
 .debug_abbrev  0x00000a8c       0xd8 twi.o
 .debug_abbrev  0x00000b64      0x181 c:/winavr-20100110/bin/../lib/gcc/avr/4.3.3/avr5\libgcc.a(_udivdi3.o)
 .debug_abbrev  0x00000ce5       0x6a c:/winavr-20100110/bin/../lib/gcc/avr/4.3.3/avr5\libgcc.a(_clz.o)

.debug_line     0x00000000     0x20c2
 *(.debug_line)
 .debug_line    0x00000000      0x364 main.o
 .debug_line    0x00000364       0xe2 adc.o
 .debug_line    0x00000446      0x3b3 button.o
 .debug_line    0x000007f9      0x549 diskio.o
 .debug_line    0x00000d42      0x259 ds1307.o
 .debug_line    0x00000f9b      0x360 lcd-lib.o
 .debug_line    0x000012fb      0x6e9 pff.o
 .debug_line    0x000019e4      0x154 spi_2.o
 .debug_line    0x00001b38       0x8e timer-2.o
 .debug_line    0x00001bc6       0xb4 timer.o
 .debug_line    0x00001c7a      0x1f4 twi.o
 .debug_line    0x00001e6e      0x1d8 c:/winavr-20100110/bin/../lib/gcc/avr/4.3.3/avr5\libgcc.a(_udivdi3.o)
 .debug_line    0x00002046       0x7c c:/winavr-20100110/bin/../lib/gcc/avr/4.3.3/avr5\libgcc.a(_clz.o)

.debug_frame    0x00000000      0x470
 *(.debug_frame)
 .debug_frame   0x00000000       0x60 main.o
 .debug_frame   0x00000060       0x40 adc.o
 .debug_frame   0x000000a0       0x90 button.o
 .debug_frame   0x00000130       0x50 diskio.o
 .debug_frame   0x00000180       0x60 ds1307.o
 .debug_frame   0x000001e0       0x80 lcd-lib.o
 .debug_frame   0x00000260       0x80 pff.o
 .debug_frame   0x000002e0       0x70 spi_2.o
 .debug_frame   0x00000350       0x30 timer-2.o
 .debug_frame   0x00000380       0x40 timer.o
 .debug_frame   0x000003c0       0x90 twi.o
 .debug_frame   0x00000450       0x20 c:/winavr-20100110/bin/../lib/gcc/avr/4.3.3/avr5\libgcc.a(_udivdi3.o)

.debug_str      0x00000000      0x794
 *(.debug_str)
 .debug_str     0x00000000      0x284 main.o
                                0x2d7 (size before relaxing)
 .debug_str     0x00000284       0x30 adc.o
                                0x115 (size before relaxing)
 .debug_str     0x000002b4       0x54 button.o
                                0x17f (size before relaxing)
 .debug_str     0x00000308       0xb5 diskio.o
                                0x1f2 (size before relaxing)
 .debug_str     0x000003bd       0x8b ds1307.o
                                0x218 (size before relaxing)
 .debug_str     0x00000448       0x66 lcd-lib.o
                                0x1b3 (size before relaxing)
 .debug_str     0x000004ae       0xd6 pff.o
                                0x28f (size before relaxing)
 .debug_str     0x00000584       0x63 spi_2.o
                                0x12b (size before relaxing)
 .debug_str     0x000005e7       0x1e timer-2.o
                                0x103 (size before relaxing)
 .debug_str     0x00000605       0x25 timer.o
                                0x10a (size before relaxing)
 .debug_str     0x0000062a       0x6c twi.o
                                0x156 (size before relaxing)
 .debug_str     0x00000696       0xfe c:/winavr-20100110/bin/../lib/gcc/avr/4.3.3/avr5\libgcc.a(_udivdi3.o)
                                0x18a (size before relaxing)
 .debug_str     0x00000000       0xf4 c:/winavr-20100110/bin/../lib/gcc/avr/4.3.3/avr5\libgcc.a(_clz.o)

.debug_loc      0x00000000     0x2732
 *(.debug_loc)
 .debug_loc     0x00000000      0x134 main.o
 .debug_loc     0x00000134      0x438 diskio.o
 .debug_loc     0x0000056c      0x36d ds1307.o
 .debug_loc     0x000008d9      0x1af lcd-lib.o
 .debug_loc     0x00000a88      0xd2a pff.o
 .debug_loc     0x000017b2       0x9f spi_2.o
 .debug_loc     0x00001851       0x6d twi.o
 .debug_loc     0x000018be      0xe74 c:/winavr-20100110/bin/../lib/gcc/avr/4.3.3/avr5\libgcc.a(_udivdi3.o)

.debug_macinfo
 *(.debug_macinfo)
OUTPUT(AVR_STUDIO.elf elf32-avr)
LOAD linker stubs

.debug_ranges   0x00000000      0x140
 .debug_ranges  0x00000000       0x30 diskio.o
 .debug_ranges  0x00000030       0xf8 pff.o
 .debug_ranges  0x00000128       0x18 c:/winavr-20100110/bin/../lib/gcc/avr/4.3.3/avr5\libgcc.a(_udivdi3.o)
